// Vitest Snapshot v1

exports[`MyReactLib > should render 1`] = `
<div>
  <h1>
    Welcome to MyReactLib!
  </h1>
  <div>
    <h1>
      Welcome to MyReactLibTwo!
    </h1>
  </div>
</div>
`;
